// Jest Snapshot v1, https://goo.gl/fbAQLP

exports[`snapshot test 1`] = `
<DocumentFragment>
  <div
    class="App"
  >
    <div>
      <form>
        <label
          forhtml="todo"
        >
          todo
        </label>
        <input
          aria-label="todo"
          id="todo"
          name="todo"
          type="text"
          value=""
        />
        <button>
          Add Todo
        </button>
      </form>
      <h2>
        Todo list:
      </h2>
      <ul />
    </div>
  </div>
</DocumentFragment>
`;
